/home/lexiacoi/virtualenv/katalog/3.7/lib64/python3.7/site-packages/PIL/Image.py:3179: DecompressionBombWarning: Image size (139417200 pixels) exceeds limit of 89478485 pixels, could be decompression bomb DOS attack.
  DecompressionBombWarning,
/home/lexiacoi/virtualenv/katalog/3.7/lib64/python3.7/site-packages/PIL/Image.py:3179: DecompressionBombWarning: Image size (139417200 pixels) exceeds limit of 89478485 pixels, could be decompression bomb DOS attack.
  DecompressionBombWarning,
[UID:3433][1217375] Child process with pid: 1220116 was killed by signal: 9, core dump: 0
[UID:3433][1217375] Child process with pid: 1217634 was killed by signal: 9, core dump: 0
/home/lexiacoi/virtualenv/katalog/3.7/lib64/python3.7/site-packages/PIL/Image.py:3179: DecompressionBombWarning: Image size (139417200 pixels) exceeds limit of 89478485 pixels, could be decompression bomb DOS attack.
  DecompressionBombWarning,
[UID:3433][1217375] Child process with pid: 1230179 was killed by signal: 9, core dump: 0
/home/lexiacoi/virtualenv/katalog/3.7/lib64/python3.7/site-packages/PIL/Image.py:3179: DecompressionBombWarning: Image size (139417200 pixels) exceeds limit of 89478485 pixels, could be decompression bomb DOS attack.
  DecompressionBombWarning,
[UID:3433][1217375] Child process with pid: 1230301 was killed by signal: 9, core dump: 0
/home/lexiacoi/virtualenv/katalog/3.7/lib64/python3.7/site-packages/PIL/Image.py:3179: DecompressionBombWarning: Image size (139417200 pixels) exceeds limit of 89478485 pixels, could be decompression bomb DOS attack.
  DecompressionBombWarning,
[UID:3433][1217375] Child process with pid: 1230411 was killed by signal: 9, core dump: 0
/home/lexiacoi/virtualenv/katalog/3.7/lib64/python3.7/site-packages/PIL/Image.py:3179: DecompressionBombWarning: Image size (139417200 pixels) exceeds limit of 89478485 pixels, could be decompression bomb DOS attack.
  DecompressionBombWarning,
[UID:3433][1217375] Child process with pid: 1230491 was killed by signal: 9, core dump: 0
/home/lexiacoi/virtualenv/katalog/3.7/lib64/python3.7/site-packages/PIL/Image.py:3179: DecompressionBombWarning: Image size (139417200 pixels) exceeds limit of 89478485 pixels, could be decompression bomb DOS attack.
  DecompressionBombWarning,
[UID:3433][1217375] Child process with pid: 1230795 was killed by signal: 9, core dump: 0
/home/lexiacoi/virtualenv/katalog/3.7/lib64/python3.7/site-packages/PIL/Image.py:3179: DecompressionBombWarning: Image size (139417200 pixels) exceeds limit of 89478485 pixels, could be decompression bomb DOS attack.
  DecompressionBombWarning,
[UID:3433][1217375] Child process with pid: 1230974 was killed by signal: 9, core dump: 0
/home/lexiacoi/virtualenv/katalog/3.7/lib64/python3.7/site-packages/PIL/Image.py:3179: DecompressionBombWarning: Image size (139417200 pixels) exceeds limit of 89478485 pixels, could be decompression bomb DOS attack.
  DecompressionBombWarning,
[UID:3433][1217375] Child process with pid: 1231055 was killed by signal: 15, core dump: 0
/home/lexiacoi/virtualenv/katalog/3.7/lib64/python3.7/site-packages/PIL/Image.py:3179: DecompressionBombWarning: Image size (139417200 pixels) exceeds limit of 89478485 pixels, could be decompression bomb DOS attack.
  DecompressionBombWarning,
[UID:3433][1217375] Child process with pid: 1231124 was killed by signal: 15, core dump: 0
/home/lexiacoi/virtualenv/katalog/3.7/lib64/python3.7/site-packages/PIL/Image.py:3179: DecompressionBombWarning: Image size (139417200 pixels) exceeds limit of 89478485 pixels, could be decompression bomb DOS attack.
  DecompressionBombWarning,
[UID:3433][1217375] Child process with pid: 1231146 was killed by signal: 9, core dump: 0
/home/lexiacoi/virtualenv/katalog/3.7/lib64/python3.7/site-packages/PIL/Image.py:3179: DecompressionBombWarning: Image size (139417200 pixels) exceeds limit of 89478485 pixels, could be decompression bomb DOS attack.
  DecompressionBombWarning,
[UID:3433][1217375] Child process with pid: 1231179 was killed by signal: 9, core dump: 0
/home/lexiacoi/virtualenv/katalog/3.7/lib64/python3.7/site-packages/PIL/Image.py:3179: DecompressionBombWarning: Image size (139417200 pixels) exceeds limit of 89478485 pixels, could be decompression bomb DOS attack.
  DecompressionBombWarning,
[UID:3433][1217375] Child process with pid: 1231254 was killed by signal: 9, core dump: 0
/home/lexiacoi/virtualenv/katalog/3.7/lib64/python3.7/site-packages/PIL/Image.py:3179: DecompressionBombWarning: Image size (139417200 pixels) exceeds limit of 89478485 pixels, could be decompression bomb DOS attack.
  DecompressionBombWarning,
[UID:3433][1217375] Child process with pid: 1231479 was killed by signal: 9, core dump: 0
/home/lexiacoi/virtualenv/katalog/3.7/lib64/python3.7/site-packages/PIL/Image.py:3179: DecompressionBombWarning: Image size (139417200 pixels) exceeds limit of 89478485 pixels, could be decompression bomb DOS attack.
  DecompressionBombWarning,
[UID:3433][1217375] Child process with pid: 1231576 was killed by signal: 9, core dump: 0
/home/lexiacoi/virtualenv/katalog/3.7/lib64/python3.7/site-packages/PIL/Image.py:3179: DecompressionBombWarning: Image size (139417200 pixels) exceeds limit of 89478485 pixels, could be decompression bomb DOS attack.
  DecompressionBombWarning,
/home/lexiacoi/virtualenv/katalog/3.7/lib64/python3.7/site-packages/PIL/Image.py:3179: DecompressionBombWarning: Image size (139417200 pixels) exceeds limit of 89478485 pixels, could be decompression bomb DOS attack.
  DecompressionBombWarning,
[UID:3433][1217375] Child process with pid: 1231663 was killed by signal: 9, core dump: 0
[UID:3433][1217375] Child process with pid: 1231690 was killed by signal: 9, core dump: 0
/home/lexiacoi/virtualenv/katalog/3.7/lib64/python3.7/site-packages/PIL/Image.py:3179: DecompressionBombWarning: Image size (139417200 pixels) exceeds limit of 89478485 pixels, could be decompression bomb DOS attack.
  DecompressionBombWarning,
[UID:3433][1217375] Child process with pid: 1232105 was killed by signal: 9, core dump: 0
/home/lexiacoi/virtualenv/katalog/3.7/lib64/python3.7/site-packages/PIL/Image.py:3179: DecompressionBombWarning: Image size (139417200 pixels) exceeds limit of 89478485 pixels, could be decompression bomb DOS attack.
  DecompressionBombWarning,
[UID:3433][1217375] Child process with pid: 1232178 was killed by signal: 9, core dump: 0
/home/lexiacoi/virtualenv/katalog/3.7/lib64/python3.7/site-packages/PIL/Image.py:3179: DecompressionBombWarning: Image size (139417200 pixels) exceeds limit of 89478485 pixels, could be decompression bomb DOS attack.
  DecompressionBombWarning,
[UID:3433][1217375] Child process with pid: 1232337 was killed by signal: 9, core dump: 0
/home/lexiacoi/virtualenv/katalog/3.7/lib64/python3.7/site-packages/PIL/Image.py:3179: DecompressionBombWarning: Image size (139417200 pixels) exceeds limit of 89478485 pixels, could be decompression bomb DOS attack.
  DecompressionBombWarning,
[UID:3433][1217375] Child process with pid: 1234915 was killed by signal: 9, core dump: 0
/home/lexiacoi/virtualenv/katalog/3.7/lib64/python3.7/site-packages/PIL/Image.py:3179: DecompressionBombWarning: Image size (139417200 pixels) exceeds limit of 89478485 pixels, could be decompression bomb DOS attack.
  DecompressionBombWarning,
[UID:3433][1217375] Child process with pid: 1235323 was killed by signal: 9, core dump: 0
/home/lexiacoi/virtualenv/katalog/3.7/lib64/python3.7/site-packages/PIL/Image.py:3179: DecompressionBombWarning: Image size (139417200 pixels) exceeds limit of 89478485 pixels, could be decompression bomb DOS attack.
  DecompressionBombWarning,
[UID:3433][1217375] Child process with pid: 1235401 was killed by signal: 9, core dump: 0
/home/lexiacoi/virtualenv/katalog/3.7/lib64/python3.7/site-packages/PIL/Image.py:3179: DecompressionBombWarning: Image size (139417200 pixels) exceeds limit of 89478485 pixels, could be decompression bomb DOS attack.
  DecompressionBombWarning,
[UID:3433][1217375] Child process with pid: 1236060 was killed by signal: 9, core dump: 0
/home/lexiacoi/virtualenv/katalog/3.7/lib64/python3.7/site-packages/PIL/Image.py:3179: DecompressionBombWarning: Image size (139417200 pixels) exceeds limit of 89478485 pixels, could be decompression bomb DOS attack.
  DecompressionBombWarning,
[UID:3433][1217375] Child process with pid: 1236141 was killed by signal: 9, core dump: 0
/home/lexiacoi/virtualenv/katalog/3.7/lib64/python3.7/site-packages/PIL/Image.py:3179: DecompressionBombWarning: Image size (139417200 pixels) exceeds limit of 89478485 pixels, could be decompression bomb DOS attack.
  DecompressionBombWarning,
[UID:3433][1217375] Child process with pid: 1236102 was killed by signal: 9, core dump: 0
/home/lexiacoi/virtualenv/katalog/3.7/lib64/python3.7/site-packages/PIL/Image.py:3179: DecompressionBombWarning: Image size (139417200 pixels) exceeds limit of 89478485 pixels, could be decompression bomb DOS attack.
  DecompressionBombWarning,
[UID:3433][1217375] Child process with pid: 1238589 was killed by signal: 9, core dump: 0
/home/lexiacoi/virtualenv/katalog/3.7/lib64/python3.7/site-packages/PIL/Image.py:3179: DecompressionBombWarning: Image size (139417200 pixels) exceeds limit of 89478485 pixels, could be decompression bomb DOS attack.
  DecompressionBombWarning,
[UID:3433][1217375] Child process with pid: 1238646 was killed by signal: 9, core dump: 0
/home/lexiacoi/virtualenv/katalog/3.7/lib64/python3.7/site-packages/PIL/Image.py:3179: DecompressionBombWarning: Image size (139417200 pixels) exceeds limit of 89478485 pixels, could be decompression bomb DOS attack.
  DecompressionBombWarning,
[UID:3433][1217375] Child process with pid: 1238801 was killed by signal: 9, core dump: 0
/home/lexiacoi/virtualenv/katalog/3.7/lib64/python3.7/site-packages/PIL/Image.py:3179: DecompressionBombWarning: Image size (139417200 pixels) exceeds limit of 89478485 pixels, could be decompression bomb DOS attack.
  DecompressionBombWarning,
[UID:3433][1217375] Child process with pid: 1239625 was killed by signal: 9, core dump: 0
/home/lexiacoi/virtualenv/katalog/3.7/lib64/python3.7/site-packages/PIL/Image.py:3179: DecompressionBombWarning: Image size (139417200 pixels) exceeds limit of 89478485 pixels, could be decompression bomb DOS attack.
  DecompressionBombWarning,
[UID:3433][1217375] Child process with pid: 1239695 was killed by signal: 9, core dump: 0
/home/lexiacoi/virtualenv/katalog/3.7/lib64/python3.7/site-packages/PIL/Image.py:3179: DecompressionBombWarning: Image size (139397340 pixels) exceeds limit of 89478485 pixels, could be decompression bomb DOS attack.
  DecompressionBombWarning,
/home/lexiacoi/virtualenv/katalog/3.7/lib64/python3.7/site-packages/PIL/Image.py:3179: DecompressionBombWarning: Image size (139417200 pixels) exceeds limit of 89478485 pixels, could be decompression bomb DOS attack.
  DecompressionBombWarning,
[UID:3433][1217375] Child process with pid: 1239856 was killed by signal: 9, core dump: 0
/home/lexiacoi/virtualenv/katalog/3.7/lib64/python3.7/site-packages/PIL/Image.py:3179: DecompressionBombWarning: Image size (139397340 pixels) exceeds limit of 89478485 pixels, could be decompression bomb DOS attack.
  DecompressionBombWarning,
[UID:3433][1217375] Child process with pid: 1241610 was killed by signal: 9, core dump: 0
/home/lexiacoi/virtualenv/katalog/3.7/lib64/python3.7/site-packages/PIL/Image.py:3179: DecompressionBombWarning: Image size (139397340 pixels) exceeds limit of 89478485 pixels, could be decompression bomb DOS attack.
  DecompressionBombWarning,
[UID:3433][1217375] Child process with pid: 1241696 was killed by signal: 9, core dump: 0
/home/lexiacoi/virtualenv/katalog/3.7/lib64/python3.7/site-packages/PIL/Image.py:3179: DecompressionBombWarning: Image size (139397340 pixels) exceeds limit of 89478485 pixels, could be decompression bomb DOS attack.
  DecompressionBombWarning,
[UID:3433][1217375] Child process with pid: 1242014 was killed by signal: 9, core dump: 0
/home/lexiacoi/virtualenv/katalog/3.7/lib64/python3.7/site-packages/PIL/Image.py:3179: DecompressionBombWarning: Image size (139397340 pixels) exceeds limit of 89478485 pixels, could be decompression bomb DOS attack.
  DecompressionBombWarning,
[UID:3433][1217375] Child process with pid: 1242288 was killed by signal: 9, core dump: 0
/home/lexiacoi/virtualenv/katalog/3.7/lib64/python3.7/site-packages/PIL/Image.py:3179: DecompressionBombWarning: Image size (139397340 pixels) exceeds limit of 89478485 pixels, could be decompression bomb DOS attack.
  DecompressionBombWarning,
[UID:3433][1217375] Child process with pid: 1242409 was killed by signal: 9, core dump: 0
/home/lexiacoi/virtualenv/katalog/3.7/lib64/python3.7/site-packages/PIL/Image.py:3179: DecompressionBombWarning: Image size (139417200 pixels) exceeds limit of 89478485 pixels, could be decompression bomb DOS attack.
  DecompressionBombWarning,
[UID:3433][1217375] Child process with pid: 1243124 was killed by signal: 9, core dump: 0
/home/lexiacoi/virtualenv/katalog/3.7/lib64/python3.7/site-packages/PIL/Image.py:3179: DecompressionBombWarning: Image size (139417200 pixels) exceeds limit of 89478485 pixels, could be decompression bomb DOS attack.
  DecompressionBombWarning,
[UID:3433][1217375] Child process with pid: 1246944 was killed by signal: 9, core dump: 0
/home/lexiacoi/virtualenv/katalog/3.7/lib64/python3.7/site-packages/PIL/Image.py:3179: DecompressionBombWarning: Image size (139417200 pixels) exceeds limit of 89478485 pixels, could be decompression bomb DOS attack.
  DecompressionBombWarning,
[UID:3433][1217375] Child process with pid: 1247257 was killed by signal: 9, core dump: 0
/home/lexiacoi/virtualenv/katalog/3.7/lib64/python3.7/site-packages/PIL/Image.py:3179: DecompressionBombWarning: Image size (139417200 pixels) exceeds limit of 89478485 pixels, could be decompression bomb DOS attack.
  DecompressionBombWarning,
[UID:3433][1217375] Child process with pid: 1248222 was killed by signal: 9, core dump: 0
/home/lexiacoi/virtualenv/katalog/3.7/lib64/python3.7/site-packages/PIL/Image.py:3179: DecompressionBombWarning: Image size (139417200 pixels) exceeds limit of 89478485 pixels, could be decompression bomb DOS attack.
  DecompressionBombWarning,
[UID:3433][1217375] Child process with pid: 1248463 was killed by signal: 9, core dump: 0
/home/lexiacoi/virtualenv/katalog/3.7/lib64/python3.7/site-packages/PIL/Image.py:3179: DecompressionBombWarning: Image size (139417200 pixels) exceeds limit of 89478485 pixels, could be decompression bomb DOS attack.
  DecompressionBombWarning,
[UID:3433][1217375] Child process with pid: 1248668 was killed by signal: 9, core dump: 0
/home/lexiacoi/virtualenv/katalog/3.7/lib64/python3.7/site-packages/PIL/Image.py:3179: DecompressionBombWarning: Image size (139417200 pixels) exceeds limit of 89478485 pixels, could be decompression bomb DOS attack.
  DecompressionBombWarning,
[UID:3433][1271754] Child process with pid: 1271788 was killed by signal: 9, core dump: 0
/home/lexiacoi/virtualenv/katalog/3.7/lib64/python3.7/site-packages/PIL/Image.py:3179: DecompressionBombWarning: Image size (139417200 pixels) exceeds limit of 89478485 pixels, could be decompression bomb DOS attack.
  DecompressionBombWarning,
[UID:3433][1271754] Child process with pid: 1272911 was killed by signal: 9, core dump: 0
/home/lexiacoi/virtualenv/katalog/3.7/lib64/python3.7/site-packages/PIL/Image.py:3179: DecompressionBombWarning: Image size (139417200 pixels) exceeds limit of 89478485 pixels, could be decompression bomb DOS attack.
  DecompressionBombWarning,
[UID:3433][1271754] Child process with pid: 1272983 was killed by signal: 9, core dump: 0
/home/lexiacoi/virtualenv/katalog/3.7/lib64/python3.7/site-packages/PIL/Image.py:3179: DecompressionBombWarning: Image size (139417200 pixels) exceeds limit of 89478485 pixels, could be decompression bomb DOS attack.
  DecompressionBombWarning,
[UID:3433][1271754] Child process with pid: 1273170 was killed by signal: 9, core dump: 0
/home/lexiacoi/virtualenv/katalog/3.7/lib64/python3.7/site-packages/PIL/Image.py:3179: DecompressionBombWarning: Image size (139417200 pixels) exceeds limit of 89478485 pixels, could be decompression bomb DOS attack.
  DecompressionBombWarning,
[UID:3433][1271754] Child process with pid: 1274047 was killed by signal: 15, core dump: 0
/home/lexiacoi/virtualenv/katalog/3.7/lib64/python3.7/site-packages/PIL/Image.py:3179: DecompressionBombWarning: Image size (139417200 pixels) exceeds limit of 89478485 pixels, could be decompression bomb DOS attack.
  DecompressionBombWarning,
/home/lexiacoi/virtualenv/katalog/3.7/lib64/python3.7/site-packages/PIL/Image.py:3179: DecompressionBombWarning: Image size (139417200 pixels) exceeds limit of 89478485 pixels, could be decompression bomb DOS attack.
  DecompressionBombWarning,
/home/lexiacoi/virtualenv/katalog/3.7/lib64/python3.7/site-packages/PIL/Image.py:3179: DecompressionBombWarning: Image size (139397340 pixels) exceeds limit of 89478485 pixels, could be decompression bomb DOS attack.
  DecompressionBombWarning,
[UID:3433][1271754] Child process with pid: 1274152 was killed by signal: 9, core dump: 0
[UID:3433][1271754] Child process with pid: 1292888 was killed by signal: 15, core dump: 0
[UID:3433][1271754] Child process with pid: 1274104 was killed by signal: 9, core dump: 0
/home/lexiacoi/virtualenv/katalog/3.7/lib64/python3.7/site-packages/PIL/Image.py:3179: DecompressionBombWarning: Image size (139417200 pixels) exceeds limit of 89478485 pixels, could be decompression bomb DOS attack.
  DecompressionBombWarning,
[UID:3433][1271754] Child process with pid: 1293458 was killed by signal: 9, core dump: 0
/home/lexiacoi/virtualenv/katalog/3.7/lib64/python3.7/site-packages/PIL/Image.py:3179: DecompressionBombWarning: Image size (139417200 pixels) exceeds limit of 89478485 pixels, could be decompression bomb DOS attack.
  DecompressionBombWarning,
[UID:3433][1271754] Child process with pid: 1293513 was killed by signal: 9, core dump: 0
OSError: LSAPI: Socket read/write error
OSError: LSAPI: Socket read/write error
/home/lexiacoi/virtualenv/katalog/3.7/lib64/python3.7/site-packages/PIL/Image.py:3179: DecompressionBombWarning: Image size (139417200 pixels) exceeds limit of 89478485 pixels, could be decompression bomb DOS attack.
  DecompressionBombWarning,
/home/lexiacoi/virtualenv/katalog/3.7/lib64/python3.7/site-packages/PIL/Image.py:3179: DecompressionBombWarning: Image size (139417200 pixels) exceeds limit of 89478485 pixels, could be decompression bomb DOS attack.
  DecompressionBombWarning,
[UID:3433][1271754] Child process with pid: 1303260 was killed by signal: 9, core dump: 0
/home/lexiacoi/virtualenv/katalog/3.7/lib64/python3.7/site-packages/PIL/Image.py:3179: DecompressionBombWarning: Image size (139417200 pixels) exceeds limit of 89478485 pixels, could be decompression bomb DOS attack.
  DecompressionBombWarning,
[UID:3433][1271754] Child process with pid: 1312274 was killed by signal: 9, core dump: 0
/home/lexiacoi/virtualenv/katalog/3.7/lib64/python3.7/site-packages/PIL/Image.py:3179: DecompressionBombWarning: Image size (139417200 pixels) exceeds limit of 89478485 pixels, could be decompression bomb DOS attack.
  DecompressionBombWarning,
[UID:3433][1271754] Child process with pid: 1318691 was killed by signal: 9, core dump: 0
[UID:3433][1271754] Child process with pid: 1297737 was killed by signal: 9, core dump: 0
/home/lexiacoi/virtualenv/katalog/3.7/lib64/python3.7/site-packages/PIL/Image.py:3179: DecompressionBombWarning: Image size (139417200 pixels) exceeds limit of 89478485 pixels, could be decompression bomb DOS attack.
  DecompressionBombWarning,
[UID:3433][1271754] Child process with pid: 1319350 was killed by signal: 15, core dump: 0
[UID:3433][1271754] Child process with pid: 1319277 was killed by signal: 9, core dump: 0
/home/lexiacoi/virtualenv/katalog/3.7/lib64/python3.7/site-packages/PIL/Image.py:3179: DecompressionBombWarning: Image size (139417200 pixels) exceeds limit of 89478485 pixels, could be decompression bomb DOS attack.
  DecompressionBombWarning,
/home/lexiacoi/virtualenv/katalog/3.7/lib64/python3.7/site-packages/PIL/Image.py:3179: DecompressionBombWarning: Image size (139417200 pixels) exceeds limit of 89478485 pixels, could be decompression bomb DOS attack.
  DecompressionBombWarning,
[UID:3433][1271754] Child process with pid: 1319374 was killed by signal: 15, core dump: 0
[UID:3433][1271754] Child process with pid: 1319376 was killed by signal: 9, core dump: 0
/home/lexiacoi/virtualenv/katalog/3.7/lib64/python3.7/site-packages/PIL/Image.py:3179: DecompressionBombWarning: Image size (139417200 pixels) exceeds limit of 89478485 pixels, could be decompression bomb DOS attack.
  DecompressionBombWarning,
[UID:3433][1271754] Child process with pid: 1319460 was killed by signal: 15, core dump: 0
/home/lexiacoi/virtualenv/katalog/3.7/lib64/python3.7/site-packages/PIL/Image.py:3179: DecompressionBombWarning: Image size (139417200 pixels) exceeds limit of 89478485 pixels, could be decompression bomb DOS attack.
  DecompressionBombWarning,
[UID:3433][1271754] Child process with pid: 1319559 was killed by signal: 9, core dump: 0
/home/lexiacoi/virtualenv/katalog/3.7/lib64/python3.7/site-packages/PIL/Image.py:3179: DecompressionBombWarning: Image size (139417200 pixels) exceeds limit of 89478485 pixels, could be decompression bomb DOS attack.
  DecompressionBombWarning,
[UID:3433][1271754] Child process with pid: 1319583 was killed by signal: 15, core dump: 0
/home/lexiacoi/virtualenv/katalog/3.7/lib64/python3.7/site-packages/PIL/Image.py:3179: DecompressionBombWarning: Image size (139417200 pixels) exceeds limit of 89478485 pixels, could be decompression bomb DOS attack.
  DecompressionBombWarning,
[UID:3433][1271754] Child process with pid: 1319660 was killed by signal: 9, core dump: 0
/home/lexiacoi/virtualenv/katalog/3.7/lib64/python3.7/site-packages/PIL/Image.py:3179: DecompressionBombWarning: Image size (139417200 pixels) exceeds limit of 89478485 pixels, could be decompression bomb DOS attack.
  DecompressionBombWarning,
[UID:3433][1271754] Child process with pid: 1319712 was killed by signal: 9, core dump: 0
/home/lexiacoi/virtualenv/katalog/3.7/lib64/python3.7/site-packages/PIL/Image.py:3179: DecompressionBombWarning: Image size (139417200 pixels) exceeds limit of 89478485 pixels, could be decompression bomb DOS attack.
  DecompressionBombWarning,
[UID:3433][1271754] Child process with pid: 1319752 was killed by signal: 9, core dump: 0
OSError: LSAPI: Socket read/write error
OSError: LSAPI: Socket read/write error
OSError: LSAPI: Socket read/write error
[UID:3433][1872644] Child process with pid: 1896420 was killed by signal: 15, core dump: 0
[UID:3433][3569712] Child process with pid: 3588064 was killed by signal: 15, core dump: 0
OSError: LSAPI: Socket read/write error
OSError: LSAPI: Socket read/write error
OSError: LSAPI: Socket read/write error
OSError: LSAPI: Socket read/write error
OSError: LSAPI: Socket read/write error
OSError: LSAPI: Socket read/write error
OSError: LSAPI: Socket read/write error
OSError: LSAPI: Socket read/write error
OSError: LSAPI: Socket read/write error
OSError: LSAPI: Socket read/write error
OSError: LSAPI: Socket read/write error
[UID:3433][1827253] Child process with pid: 1827409 was killed by signal: 15, core dump: 0
[UID:3433][3227587] Child process with pid: 3227743 was killed by signal: 15, core dump: 0
OSError: LSAPI: Socket read/write error
OSError: LSAPI: Socket read/write error
OSError: LSAPI: Socket read/write error
OSError: LSAPI: Socket read/write error
OSError: LSAPI: Socket read/write error
OSError: LSAPI: Socket read/write error
OSError: LSAPI: Socket read/write error
OSError: LSAPI: Socket read/write error
[UID:3433][8745] Reached max children process limit: 6, extra: 2, current: 8, busy: 6, please increase LSAPI_CHILDREN.
[UID:3433][8745] Reached max children process limit: 6, extra: 2, current: 8, busy: 8, please increase LSAPI_CHILDREN.
[UID:3433][8745] Reached max children process limit: 6, extra: 2, current: 8, busy: 8, please increase LSAPI_CHILDREN.
[UID:3433][8745] Reached max children process limit: 6, extra: 2, current: 8, busy: 8, please increase LSAPI_CHILDREN.
[UID:3433][8745] Reached max children process limit: 6, extra: 2, current: 8, busy: 8, please increase LSAPI_CHILDREN.
[UID:3433][8745] Reached max children process limit: 6, extra: 2, current: 8, busy: 8, please increase LSAPI_CHILDREN.
[UID:3433][8745] Reached max children process limit: 6, extra: 2, current: 8, busy: 8, please increase LSAPI_CHILDREN.
[UID:3433][8745] Reached max children process limit: 6, extra: 2, current: 8, busy: 8, please increase LSAPI_CHILDREN.
[UID:3433][8745] Reached max children process limit: 6, extra: 2, current: 8, busy: 8, please increase LSAPI_CHILDREN.
[UID:3433][8745] Reached max children process limit: 6, extra: 2, current: 8, busy: 8, please increase LSAPI_CHILDREN.
[UID:3433][8745] Reached max children process limit: 6, extra: 2, current: 8, busy: 8, please increase LSAPI_CHILDREN.
[UID:3433][8745] Reached max children process limit: 6, extra: 2, current: 8, busy: 8, please increase LSAPI_CHILDREN.
[UID:3433][8745] Reached max children process limit: 6, extra: 2, current: 8, busy: 8, please increase LSAPI_CHILDREN.
[UID:3433][8745] Reached max children process limit: 6, extra: 2, current: 8, busy: 8, please increase LSAPI_CHILDREN.
[UID:3433][8745] Reached max children process limit: 6, extra: 2, current: 8, busy: 8, please increase LSAPI_CHILDREN.
[UID:3433][8745] Reached max children process limit: 6, extra: 2, current: 8, busy: 8, please increase LSAPI_CHILDREN.
[UID:3433][8745] Reached max children process limit: 6, extra: 2, current: 8, busy: 8, please increase LSAPI_CHILDREN.
[UID:3433][8745] Reached max children process limit: 6, extra: 2, current: 8, busy: 8, please increase LSAPI_CHILDREN.
[UID:3433][8745] Reached max children process limit: 6, extra: 2, current: 8, busy: 8, please increase LSAPI_CHILDREN.
[UID:3433][8745] Reached max children process limit: 6, extra: 2, current: 8, busy: 8, please increase LSAPI_CHILDREN.
[UID:3433][8745] Reached max children process limit: 6, extra: 2, current: 8, busy: 8, please increase LSAPI_CHILDREN.
[UID:3433][8745] Reached max children process limit: 6, extra: 2, current: 8, busy: 8, please increase LSAPI_CHILDREN.
[UID:3433][8745] Reached max children process limit: 6, extra: 2, current: 8, busy: 8, please increase LSAPI_CHILDREN.
[UID:3433][8745] Reached max children process limit: 6, extra: 2, current: 8, busy: 8, please increase LSAPI_CHILDREN.
OSError: LSAPI: Socket read/write error
OSError: LSAPI: Socket read/write error
OSError: LSAPI: Socket read/write error
OSError: LSAPI: Socket read/write error
OSError: LSAPI: Socket read/write error
[UID:3433][2791345] Child process with pid: 2818743 was killed by signal: 15, core dump: 0
OSError: LSAPI: Socket read/write error
[UID:3433][3714675] Reached max children process limit: 6, extra: 2, current: 8, busy: 8, please increase LSAPI_CHILDREN.
[UID:3433][3714675] Reached max children process limit: 6, extra: 2, current: 8, busy: 8, please increase LSAPI_CHILDREN.
[UID:3433][3714675] Reached max children process limit: 6, extra: 2, current: 8, busy: 8, please increase LSAPI_CHILDREN.
[UID:3433][3714675] Reached max children process limit: 6, extra: 2, current: 8, busy: 8, please increase LSAPI_CHILDREN.
[UID:3433][3714675] Reached max children process limit: 6, extra: 2, current: 8, busy: 8, please increase LSAPI_CHILDREN.
[UID:3433][3714675] Reached max children process limit: 6, extra: 2, current: 8, busy: 8, please increase LSAPI_CHILDREN.
[UID:3433][3714675] Reached max children process limit: 6, extra: 2, current: 8, busy: 8, please increase LSAPI_CHILDREN.
[UID:3433][3714675] Reached max children process limit: 6, extra: 2, current: 8, busy: 8, please increase LSAPI_CHILDREN.
[UID:3433][3714675] Reached max children process limit: 6, extra: 2, current: 8, busy: 8, please increase LSAPI_CHILDREN.
[UID:3433][3714675] Reached max children process limit: 6, extra: 2, current: 8, busy: 8, please increase LSAPI_CHILDREN.
[UID:3433][3714675] Reached max children process limit: 6, extra: 2, current: 8, busy: 8, please increase LSAPI_CHILDREN.
[UID:3433][3714675] Reached max children process limit: 6, extra: 2, current: 8, busy: 8, please increase LSAPI_CHILDREN.
[UID:3433][3714675] Reached max children process limit: 6, extra: 2, current: 8, busy: 8, please increase LSAPI_CHILDREN.
[UID:3433][3714675] Reached max children process limit: 6, extra: 2, current: 8, busy: 8, please increase LSAPI_CHILDREN.
[UID:3433][3714675] Reached max children process limit: 6, extra: 2, current: 8, busy: 8, please increase LSAPI_CHILDREN.
[UID:3433][3714675] Reached max children process limit: 6, extra: 2, current: 8, busy: 8, please increase LSAPI_CHILDREN.
[UID:3433][3714675] Reached max children process limit: 6, extra: 2, current: 8, busy: 8, please increase LSAPI_CHILDREN.
[UID:3433][3714675] Reached max children process limit: 6, extra: 2, current: 8, busy: 8, please increase LSAPI_CHILDREN.
[UID:3433][3714675] Reached max children process limit: 6, extra: 2, current: 8, busy: 8, please increase LSAPI_CHILDREN.
[UID:3433][3714675] Reached max children process limit: 6, extra: 2, current: 8, busy: 8, please increase LSAPI_CHILDREN.
[UID:3433][3714675] Reached max children process limit: 6, extra: 2, current: 8, busy: 8, please increase LSAPI_CHILDREN.
[UID:3433][3714675] Reached max children process limit: 6, extra: 2, current: 8, busy: 8, please increase LSAPI_CHILDREN.
[UID:3433][3714675] Reached max children process limit: 6, extra: 2, current: 8, busy: 8, please increase LSAPI_CHILDREN.
[UID:3433][3714675] Reached max children process limit: 6, extra: 2, current: 8, busy: 8, please increase LSAPI_CHILDREN.
[UID:3433][3714675] Reached max children process limit: 6, extra: 2, current: 8, busy: 8, please increase LSAPI_CHILDREN.
[UID:3433][3714675] Reached max children process limit: 6, extra: 2, current: 8, busy: 8, please increase LSAPI_CHILDREN.
[UID:3433][3714675] Reached max children process limit: 6, extra: 2, current: 8, busy: 8, please increase LSAPI_CHILDREN.
[UID:3433][3714675] Reached max children process limit: 6, extra: 2, current: 8, busy: 8, please increase LSAPI_CHILDREN.
[UID:3433][3714675] Reached max children process limit: 6, extra: 2, current: 8, busy: 8, please increase LSAPI_CHILDREN.
[UID:3433][3714675] Reached max children process limit: 6, extra: 2, current: 8, busy: 7, please increase LSAPI_CHILDREN.
OSError: LSAPI: Socket read/write error
OSError: LSAPI: Socket read/write error
OSError: LSAPI: Socket read/write error
[UID:3433][796285] Reached max children process limit: 6, extra: 2, current: 8, busy: 8, please increase LSAPI_CHILDREN.
[UID:3433][796285] Reached max children process limit: 6, extra: 2, current: 8, busy: 8, please increase LSAPI_CHILDREN.
[UID:3433][796285] Reached max children process limit: 6, extra: 2, current: 8, busy: 8, please increase LSAPI_CHILDREN.
[UID:3433][796285] Reached max children process limit: 6, extra: 2, current: 8, busy: 8, please increase LSAPI_CHILDREN.
[UID:3433][796285] Reached max children process limit: 6, extra: 2, current: 8, busy: 8, please increase LSAPI_CHILDREN.
[UID:3433][796285] Reached max children process limit: 6, extra: 2, current: 8, busy: 8, please increase LSAPI_CHILDREN.
[UID:3433][796285] Reached max children process limit: 6, extra: 2, current: 8, busy: 8, please increase LSAPI_CHILDREN.
[UID:3433][796285] Reached max children process limit: 6, extra: 2, current: 8, busy: 8, please increase LSAPI_CHILDREN.
[UID:3433][796285] Reached max children process limit: 6, extra: 2, current: 8, busy: 8, please increase LSAPI_CHILDREN.
[UID:3433][796285] Reached max children process limit: 6, extra: 2, current: 8, busy: 8, please increase LSAPI_CHILDREN.
[UID:3433][796285] Reached max children process limit: 6, extra: 2, current: 8, busy: 8, please increase LSAPI_CHILDREN.
[UID:3433][796285] Reached max children process limit: 6, extra: 2, current: 8, busy: 8, please increase LSAPI_CHILDREN.
[UID:3433][796285] Reached max children process limit: 6, extra: 2, current: 8, busy: 8, please increase LSAPI_CHILDREN.
[UID:3433][796285] Reached max children process limit: 6, extra: 2, current: 8, busy: 8, please increase LSAPI_CHILDREN.
[UID:3433][796285] Reached max children process limit: 6, extra: 2, current: 8, busy: 8, please increase LSAPI_CHILDREN.
[UID:3433][796285] Reached max children process limit: 6, extra: 2, current: 8, busy: 8, please increase LSAPI_CHILDREN.
[UID:3433][796285] Reached max children process limit: 6, extra: 2, current: 8, busy: 8, please increase LSAPI_CHILDREN.
[UID:3433][796285] Reached max children process limit: 6, extra: 2, current: 8, busy: 8, please increase LSAPI_CHILDREN.
[UID:3433][796285] Reached max children process limit: 6, extra: 2, current: 8, busy: 8, please increase LSAPI_CHILDREN.
[UID:3433][796285] Reached max children process limit: 6, extra: 2, current: 8, busy: 8, please increase LSAPI_CHILDREN.
[UID:3433][796285] Reached max children process limit: 6, extra: 2, current: 8, busy: 8, please increase LSAPI_CHILDREN.
[UID:3433][796285] Reached max children process limit: 6, extra: 2, current: 8, busy: 8, please increase LSAPI_CHILDREN.
[UID:3433][796285] Reached max children process limit: 6, extra: 2, current: 8, busy: 8, please increase LSAPI_CHILDREN.
[UID:3433][796285] Reached max children process limit: 6, extra: 2, current: 8, busy: 8, please increase LSAPI_CHILDREN.
[UID:3433][796285] Reached max children process limit: 6, extra: 2, current: 8, busy: 8, please increase LSAPI_CHILDREN.
[UID:3433][796285] Reached max children process limit: 6, extra: 2, current: 8, busy: 8, please increase LSAPI_CHILDREN.
[UID:3433][796285] Reached max children process limit: 6, extra: 2, current: 8, busy: 8, please increase LSAPI_CHILDREN.
[UID:3433][796285] Reached max children process limit: 6, extra: 2, current: 8, busy: 8, please increase LSAPI_CHILDREN.
[UID:3433][796285] Reached max children process limit: 6, extra: 2, current: 8, busy: 8, please increase LSAPI_CHILDREN.
[UID:3433][796285] Reached max children process limit: 6, extra: 2, current: 8, busy: 8, please increase LSAPI_CHILDREN.
[UID:3433][796285] Reached max children process limit: 6, extra: 2, current: 8, busy: 8, please increase LSAPI_CHILDREN.
[UID:3433][796285] Reached max children process limit: 6, extra: 2, current: 8, busy: 8, please increase LSAPI_CHILDREN.
[UID:3433][796285] Reached max children process limit: 6, extra: 2, current: 8, busy: 8, please increase LSAPI_CHILDREN.
[UID:3433][796285] Child process with pid: 797258 was killed by signal: 15, core dump: 0
[UID:3433][1061178] Child process with pid: 1061284 was killed by signal: 15, core dump: 0
OSError: LSAPI: Socket read/write error
OSError: LSAPI: Socket read/write error
OSError: LSAPI: Socket read/write error
OSError: LSAPI: Socket read/write error
OSError: LSAPI: Socket read/write error
OSError: LSAPI: Socket read/write error
[UID:3433][358994] Child process with pid: 359934 was killed by signal: 15, core dump: 0
OSError: LSAPI: Socket read/write error
OSError: LSAPI: Socket read/write error
[UID:3433][2477256] Child process with pid: 2477298 was killed by signal: 15, core dump: 0
[UID:3433][828253] Child process with pid: 828356 was killed by signal: 15, core dump: 0
OSError: LSAPI: Socket read/write error
[UID:3433][2953767] Child process with pid: 2954011 was killed by signal: 15, core dump: 0
OSError: LSAPI: Socket read/write error
OSError: LSAPI: Socket read/write error
OSError: LSAPI: Socket read/write error
OSError: LSAPI: Socket read/write error
OSError: LSAPI: Socket read/write error
OSError: LSAPI: Socket read/write error
OSError: LSAPI: Socket read/write error
OSError: LSAPI: Socket read/write error
OSError: LSAPI: Socket read/write error
OSError: LSAPI: Socket read/write error
OSError: LSAPI: Socket read/write error
OSError: LSAPI: Socket read/write error
OSError: LSAPI: Socket read/write error
OSError: LSAPI: Socket read/write error
OSError: LSAPI: Socket read/write error
[UID:1538][143755] Child process with pid: 143856 was killed by signal: 15, core dump: 0
[UID:1538][351063] Child process with pid: 351067 was killed by signal: 15, core dump: 0
[UID:1538][351063] Child process with pid: 351105 was killed by signal: 15, core dump: 0
[UID:1538][351063] Child process with pid: 351080 was killed by signal: 15, core dump: 0
[UID:1538][3984357] Child process with pid: 3984421 was killed by signal: 15, core dump: 0
[UID:1538][3199433] Child process with pid: 3199654 was killed by signal: 15, core dump: 0
OSError: LSAPI: Socket read/write error
[UID:1538][966157] Child process with pid: 966378 was killed by signal: 15, core dump: 0
OSError: LSAPI: Socket read/write error
OSError: LSAPI: Socket read/write error
[UID:1538][1090742] Child process with pid: 1090764 was killed by signal: 15, core dump: 0
[UID:1538][1102194] Child process with pid: 1102217 was killed by signal: 15, core dump: 0
OSError: LSAPI: Socket read/write error
OSError: LSAPI: Socket read/write error
OSError: LSAPI: Socket read/write error
[UID:1538][3990186] Child process with pid: 3998584 was killed by signal: 15, core dump: 0
OSError: LSAPI: Socket read/write error
[UID:1538][4107475] Child process with pid: 4107981 was killed by signal: 15, core dump: 0
[UID:1538][4132108] Child process with pid: 4132151 was killed by signal: 15, core dump: 0
[UID:1538][112963] Child process with pid: 112981 was killed by signal: 15, core dump: 0
[UID:1538][112963] Child process with pid: 113073 was killed by signal: 15, core dump: 0
OSError: LSAPI: Socket read/write error
[UID:1538][2993320] Child process with pid: 2993688 was killed by signal: 15, core dump: 0
OSError: LSAPI: Socket read/write error
OSError: LSAPI: Socket read/write error
OSError: LSAPI: Socket read/write error
[UID:1538][1800158] Child process with pid: 1800162 was killed by signal: 15, core dump: 0
OSError: LSAPI: Socket read/write error
OSError: LSAPI: Socket read/write error
OSError: LSAPI: Socket read/write error
OSError: LSAPI: Socket read/write error
OSError: LSAPI: Socket read/write error
OSError: LSAPI: Socket read/write error
OSError: LSAPI: Socket read/write error
[UID:1538][3056695] Reached max children process limit: 6, extra: 2, current: 8, busy: 7, please increase LSAPI_CHILDREN.
[UID:1538][3056695] Reached max children process limit: 6, extra: 2, current: 8, busy: 8, please increase LSAPI_CHILDREN.
[UID:1538][3056695] Reached max children process limit: 6, extra: 2, current: 8, busy: 8, please increase LSAPI_CHILDREN.
[UID:1538][3056695] Reached max children process limit: 6, extra: 2, current: 8, busy: 8, please increase LSAPI_CHILDREN.
[UID:1538][3056695] Reached max children process limit: 6, extra: 2, current: 8, busy: 8, please increase LSAPI_CHILDREN.
[UID:1538][3056695] Reached max children process limit: 6, extra: 2, current: 8, busy: 8, please increase LSAPI_CHILDREN.
[UID:1538][3056695] Reached max children process limit: 6, extra: 2, current: 8, busy: 8, please increase LSAPI_CHILDREN.
[UID:1538][3056695] Reached max children process limit: 6, extra: 2, current: 8, busy: 8, please increase LSAPI_CHILDREN.
[UID:1538][3056695] Reached max children process limit: 6, extra: 2, current: 8, busy: 8, please increase LSAPI_CHILDREN.
[UID:1538][3056695] Reached max children process limit: 6, extra: 2, current: 8, busy: 8, please increase LSAPI_CHILDREN.
[UID:1538][3056695] Reached max children process limit: 6, extra: 2, current: 8, busy: 8, please increase LSAPI_CHILDREN.
[UID:1538][3056695] Reached max children process limit: 6, extra: 2, current: 8, busy: 8, please increase LSAPI_CHILDREN.
[UID:1538][3056695] Reached max children process limit: 6, extra: 2, current: 8, busy: 8, please increase LSAPI_CHILDREN.
[UID:1538][3056695] Reached max children process limit: 6, extra: 2, current: 8, busy: 8, please increase LSAPI_CHILDREN.
[UID:1538][3056695] Reached max children process limit: 6, extra: 2, current: 8, busy: 8, please increase LSAPI_CHILDREN.
[UID:1538][3056695] Reached max children process limit: 6, extra: 2, current: 8, busy: 8, please increase LSAPI_CHILDREN.
[UID:1538][3056695] Reached max children process limit: 6, extra: 2, current: 8, busy: 8, please increase LSAPI_CHILDREN.
[UID:1538][3056695] Reached max children process limit: 6, extra: 2, current: 8, busy: 8, please increase LSAPI_CHILDREN.
[UID:1538][3056695] Reached max children process limit: 6, extra: 2, current: 8, busy: 8, please increase LSAPI_CHILDREN.
[UID:1538][3056695] Reached max children process limit: 6, extra: 2, current: 8, busy: 8, please increase LSAPI_CHILDREN.
[UID:1538][3056695] Reached max children process limit: 6, extra: 2, current: 8, busy: 8, please increase LSAPI_CHILDREN.
[UID:1538][3056695] Reached max children process limit: 6, extra: 2, current: 8, busy: 8, please increase LSAPI_CHILDREN.
[UID:1538][3056695] Reached max children process limit: 6, extra: 2, current: 8, busy: 8, please increase LSAPI_CHILDREN.
OSError: LSAPI: Socket read/write error
OSError: LSAPI: Socket read/write error
OSError: LSAPI: Socket read/write error
OSError: LSAPI: Socket read/write error
OSError: LSAPI: Socket read/write error
OSError: LSAPI: Socket read/write error
OSError: LSAPI: Socket read/write error
[UID:1538][2300047] Reached max children process limit: 6, extra: 2, current: 8, busy: 7, please increase LSAPI_CHILDREN.
[UID:1538][2300047] Reached max children process limit: 6, extra: 2, current: 8, busy: 8, please increase LSAPI_CHILDREN.
[UID:1538][2300047] Reached max children process limit: 6, extra: 2, current: 8, busy: 8, please increase LSAPI_CHILDREN.
[UID:1538][2300047] Reached max children process limit: 6, extra: 2, current: 8, busy: 8, please increase LSAPI_CHILDREN.
[UID:1538][2300047] Reached max children process limit: 6, extra: 2, current: 8, busy: 8, please increase LSAPI_CHILDREN.
[UID:1538][2300047] Reached max children process limit: 6, extra: 2, current: 8, busy: 8, please increase LSAPI_CHILDREN.
[UID:1538][2300047] Reached max children process limit: 6, extra: 2, current: 8, busy: 8, please increase LSAPI_CHILDREN.
[UID:1538][2300047] Reached max children process limit: 6, extra: 2, current: 8, busy: 8, please increase LSAPI_CHILDREN.
[UID:1538][2300047] Reached max children process limit: 6, extra: 2, current: 8, busy: 8, please increase LSAPI_CHILDREN.
[UID:1538][2300047] Reached max children process limit: 6, extra: 2, current: 8, busy: 8, please increase LSAPI_CHILDREN.
[UID:1538][2300047] Reached max children process limit: 6, extra: 2, current: 8, busy: 8, please increase LSAPI_CHILDREN.
[UID:1538][2300047] Reached max children process limit: 6, extra: 2, current: 8, busy: 8, please increase LSAPI_CHILDREN.
[UID:1538][2300047] Reached max children process limit: 6, extra: 2, current: 8, busy: 8, please increase LSAPI_CHILDREN.
[UID:1538][2300047] Reached max children process limit: 6, extra: 2, current: 8, busy: 8, please increase LSAPI_CHILDREN.
[UID:1538][2300047] Reached max children process limit: 6, extra: 2, current: 8, busy: 8, please increase LSAPI_CHILDREN.
[UID:1538][2300047] Reached max children process limit: 6, extra: 2, current: 8, busy: 8, please increase LSAPI_CHILDREN.
[UID:1538][2300047] Reached max children process limit: 6, extra: 2, current: 8, busy: 8, please increase LSAPI_CHILDREN.
[UID:1538][2300047] Reached max children process limit: 6, extra: 2, current: 8, busy: 8, please increase LSAPI_CHILDREN.
[UID:1538][2300047] Reached max children process limit: 6, extra: 2, current: 8, busy: 8, please increase LSAPI_CHILDREN.
[UID:1538][2300047] Reached max children process limit: 6, extra: 2, current: 8, busy: 8, please increase LSAPI_CHILDREN.
[UID:1538][2300047] Reached max children process limit: 6, extra: 2, current: 8, busy: 8, please increase LSAPI_CHILDREN.
[UID:1538][2300047] Reached max children process limit: 6, extra: 2, current: 8, busy: 8, please increase LSAPI_CHILDREN.
[UID:1538][2300047] Reached max children process limit: 6, extra: 2, current: 8, busy: 8, please increase LSAPI_CHILDREN.
[UID:1538][2300047] Reached max children process limit: 6, extra: 2, current: 8, busy: 7, please increase LSAPI_CHILDREN.
[UID:1538][2300047] Reached max children process limit: 6, extra: 2, current: 8, busy: 7, please increase LSAPI_CHILDREN.
[UID:1538][2300047] Reached max children process limit: 6, extra: 2, current: 8, busy: 8, please increase LSAPI_CHILDREN.
[UID:1538][2300047] Reached max children process limit: 6, extra: 2, current: 8, busy: 8, please increase LSAPI_CHILDREN.
[UID:1538][2300047] Reached max children process limit: 6, extra: 2, current: 8, busy: 8, please increase LSAPI_CHILDREN.
[UID:1538][2300047] Reached max children process limit: 6, extra: 2, current: 8, busy: 8, please increase LSAPI_CHILDREN.
[UID:1538][2300047] Reached max children process limit: 6, extra: 2, current: 8, busy: 8, please increase LSAPI_CHILDREN.
[UID:1538][2300047] Reached max children process limit: 6, extra: 2, current: 8, busy: 8, please increase LSAPI_CHILDREN.
[UID:1538][2300047] Reached max children process limit: 6, extra: 2, current: 8, busy: 8, please increase LSAPI_CHILDREN.
[UID:1538][2300047] Reached max children process limit: 6, extra: 2, current: 8, busy: 8, please increase LSAPI_CHILDREN.
[UID:1538][2300047] Reached max children process limit: 6, extra: 2, current: 8, busy: 8, please increase LSAPI_CHILDREN.
[UID:1538][2300047] Reached max children process limit: 6, extra: 2, current: 8, busy: 8, please increase LSAPI_CHILDREN.
[UID:1538][2300047] Reached max children process limit: 6, extra: 2, current: 8, busy: 8, please increase LSAPI_CHILDREN.
[UID:1538][2300047] Reached max children process limit: 6, extra: 2, current: 8, busy: 8, please increase LSAPI_CHILDREN.
[UID:1538][2300047] Reached max children process limit: 6, extra: 2, current: 8, busy: 8, please increase LSAPI_CHILDREN.
[UID:1538][2300047] Reached max children process limit: 6, extra: 2, current: 8, busy: 8, please increase LSAPI_CHILDREN.
[UID:1538][2300047] Reached max children process limit: 6, extra: 2, current: 8, busy: 8, please increase LSAPI_CHILDREN.
[UID:1538][2300047] Reached max children process limit: 6, extra: 2, current: 8, busy: 8, please increase LSAPI_CHILDREN.
[UID:1538][2300047] Reached max children process limit: 6, extra: 2, current: 8, busy: 8, please increase LSAPI_CHILDREN.
[UID:1538][2300047] Reached max children process limit: 6, extra: 2, current: 8, busy: 8, please increase LSAPI_CHILDREN.
[UID:1538][2300047] Reached max children process limit: 6, extra: 2, current: 8, busy: 8, please increase LSAPI_CHILDREN.
[UID:1538][2300047] Reached max children process limit: 6, extra: 2, current: 8, busy: 8, please increase LSAPI_CHILDREN.
[UID:1538][2300047] Reached max children process limit: 6, extra: 2, current: 8, busy: 8, please increase LSAPI_CHILDREN.
[UID:1538][2300047] Reached max children process limit: 6, extra: 2, current: 8, busy: 7, please increase LSAPI_CHILDREN.
[UID:1538][2622749] packetLen < 0
OSError: LSAPI: Socket read/write error
[UID:1538][3608130] Reached max children process limit: 6, extra: 2, current: 8, busy: 8, please increase LSAPI_CHILDREN.
[UID:1538][3608130] Reached max children process limit: 6, extra: 2, current: 8, busy: 8, please increase LSAPI_CHILDREN.
[UID:1538][3608130] Reached max children process limit: 6, extra: 2, current: 8, busy: 8, please increase LSAPI_CHILDREN.
[UID:1538][3608130] Reached max children process limit: 6, extra: 2, current: 8, busy: 8, please increase LSAPI_CHILDREN.
[UID:1538][3608130] Reached max children process limit: 6, extra: 2, current: 8, busy: 8, please increase LSAPI_CHILDREN.
[UID:1538][3608130] Reached max children process limit: 6, extra: 2, current: 8, busy: 8, please increase LSAPI_CHILDREN.
[UID:1538][3608130] Reached max children process limit: 6, extra: 2, current: 8, busy: 8, please increase LSAPI_CHILDREN.
[UID:1538][3608130] Reached max children process limit: 6, extra: 2, current: 8, busy: 8, please increase LSAPI_CHILDREN.
[UID:1538][3608130] Reached max children process limit: 6, extra: 2, current: 8, busy: 8, please increase LSAPI_CHILDREN.
[UID:1538][3608130] Reached max children process limit: 6, extra: 2, current: 8, busy: 8, please increase LSAPI_CHILDREN.
[UID:1538][3608130] Reached max children process limit: 6, extra: 2, current: 8, busy: 8, please increase LSAPI_CHILDREN.
[UID:1538][3608130] Reached max children process limit: 6, extra: 2, current: 8, busy: 8, please increase LSAPI_CHILDREN.
[UID:1538][3608130] Reached max children process limit: 6, extra: 2, current: 8, busy: 8, please increase LSAPI_CHILDREN.
[UID:1538][3608130] Reached max children process limit: 6, extra: 2, current: 8, busy: 8, please increase LSAPI_CHILDREN.
[UID:1538][3608130] Reached max children process limit: 6, extra: 2, current: 8, busy: 8, please increase LSAPI_CHILDREN.
[UID:1538][3608130] Reached max children process limit: 6, extra: 2, current: 8, busy: 8, please increase LSAPI_CHILDREN.
[UID:1538][3608130] Reached max children process limit: 6, extra: 2, current: 8, busy: 8, please increase LSAPI_CHILDREN.
[UID:1538][3608130] Reached max children process limit: 6, extra: 2, current: 8, busy: 8, please increase LSAPI_CHILDREN.
[UID:1538][3608130] Reached max children process limit: 6, extra: 2, current: 8, busy: 8, please increase LSAPI_CHILDREN.
[UID:1538][3608130] Reached max children process limit: 6, extra: 2, current: 8, busy: 8, please increase LSAPI_CHILDREN.
[UID:1538][3608130] Reached max children process limit: 6, extra: 2, current: 8, busy: 8, please increase LSAPI_CHILDREN.
[UID:1538][3608130] Reached max children process limit: 6, extra: 2, current: 8, busy: 8, please increase LSAPI_CHILDREN.
[UID:1538][3608130] Reached max children process limit: 6, extra: 2, current: 8, busy: 7, please increase LSAPI_CHILDREN.
OSError: LSAPI: Socket read/write error
[UID:1538][4115420] Child process with pid: 4115432 was killed by signal: 15, core dump: 0
OSError: LSAPI: Socket read/write error
OSError: LSAPI: Socket read/write error
OSError: LSAPI: Socket read/write error
[UID:1538][3655088] Reached max children process limit: 6, extra: 2, current: 8, busy: 7, please increase LSAPI_CHILDREN.
[UID:1538][3655088] Reached max children process limit: 6, extra: 2, current: 8, busy: 8, please increase LSAPI_CHILDREN.
[UID:1538][3655088] Reached max children process limit: 6, extra: 2, current: 8, busy: 8, please increase LSAPI_CHILDREN.
[UID:1538][3655088] Reached max children process limit: 6, extra: 2, current: 8, busy: 8, please increase LSAPI_CHILDREN.
[UID:1538][3655088] Reached max children process limit: 6, extra: 2, current: 8, busy: 8, please increase LSAPI_CHILDREN.
[UID:1538][3655088] Reached max children process limit: 6, extra: 2, current: 8, busy: 8, please increase LSAPI_CHILDREN.
[UID:1538][3655088] Reached max children process limit: 6, extra: 2, current: 8, busy: 8, please increase LSAPI_CHILDREN.
[UID:1538][3655088] Reached max children process limit: 6, extra: 2, current: 8, busy: 8, please increase LSAPI_CHILDREN.
[UID:1538][3655088] Reached max children process limit: 6, extra: 2, current: 8, busy: 8, please increase LSAPI_CHILDREN.
[UID:1538][3655088] Reached max children process limit: 6, extra: 2, current: 8, busy: 8, please increase LSAPI_CHILDREN.
[UID:1538][3655088] Reached max children process limit: 6, extra: 2, current: 8, busy: 8, please increase LSAPI_CHILDREN.
[UID:1538][3655088] Reached max children process limit: 6, extra: 2, current: 8, busy: 8, please increase LSAPI_CHILDREN.
[UID:1538][3655088] Reached max children process limit: 6, extra: 2, current: 8, busy: 8, please increase LSAPI_CHILDREN.
[UID:1538][3655088] Reached max children process limit: 6, extra: 2, current: 8, busy: 8, please increase LSAPI_CHILDREN.
[UID:1538][3655088] Reached max children process limit: 6, extra: 2, current: 8, busy: 8, please increase LSAPI_CHILDREN.
[UID:1538][3655088] Reached max children process limit: 6, extra: 2, current: 8, busy: 8, please increase LSAPI_CHILDREN.
[UID:1538][3655088] Reached max children process limit: 6, extra: 2, current: 8, busy: 8, please increase LSAPI_CHILDREN.
[UID:1538][3655088] Reached max children process limit: 6, extra: 2, current: 8, busy: 8, please increase LSAPI_CHILDREN.
[UID:1538][3655088] Reached max children process limit: 6, extra: 2, current: 8, busy: 8, please increase LSAPI_CHILDREN.
[UID:1538][3655088] Reached max children process limit: 6, extra: 2, current: 8, busy: 8, please increase LSAPI_CHILDREN.
[UID:1538][3655088] Reached max children process limit: 6, extra: 2, current: 8, busy: 7, please increase LSAPI_CHILDREN.
[UID:1538][3655088] Reached max children process limit: 6, extra: 2, current: 8, busy: 7, please increase LSAPI_CHILDREN.
[UID:1538][591527] Reached max children process limit: 6, extra: 2, current: 8, busy: 8, please increase LSAPI_CHILDREN.
[UID:1538][591527] Reached max children process limit: 6, extra: 2, current: 8, busy: 8, please increase LSAPI_CHILDREN.
[UID:1538][591527] Reached max children process limit: 6, extra: 2, current: 8, busy: 8, please increase LSAPI_CHILDREN.
[UID:1538][591527] Reached max children process limit: 6, extra: 2, current: 8, busy: 8, please increase LSAPI_CHILDREN.
[UID:1538][591527] Reached max children process limit: 6, extra: 2, current: 8, busy: 8, please increase LSAPI_CHILDREN.
[UID:1538][591527] Reached max children process limit: 6, extra: 2, current: 8, busy: 8, please increase LSAPI_CHILDREN.
[UID:1538][591527] Reached max children process limit: 6, extra: 2, current: 8, busy: 8, please increase LSAPI_CHILDREN.
[UID:1538][591527] Reached max children process limit: 6, extra: 2, current: 8, busy: 8, please increase LSAPI_CHILDREN.
[UID:1538][591527] Reached max children process limit: 6, extra: 2, current: 8, busy: 8, please increase LSAPI_CHILDREN.
[UID:1538][591527] Reached max children process limit: 6, extra: 2, current: 8, busy: 8, please increase LSAPI_CHILDREN.
[UID:1538][591527] Reached max children process limit: 6, extra: 2, current: 8, busy: 8, please increase LSAPI_CHILDREN.
[UID:1538][591527] Reached max children process limit: 6, extra: 2, current: 8, busy: 8, please increase LSAPI_CHILDREN.
[UID:1538][591527] Reached max children process limit: 6, extra: 2, current: 8, busy: 8, please increase LSAPI_CHILDREN.
[UID:1538][591527] Reached max children process limit: 6, extra: 2, current: 8, busy: 8, please increase LSAPI_CHILDREN.
[UID:1538][591527] Reached max children process limit: 6, extra: 2, current: 8, busy: 8, please increase LSAPI_CHILDREN.
[UID:1538][591527] Reached max children process limit: 6, extra: 2, current: 8, busy: 8, please increase LSAPI_CHILDREN.
[UID:1538][591527] Reached max children process limit: 6, extra: 2, current: 8, busy: 8, please increase LSAPI_CHILDREN.
[UID:1538][591527] Reached max children process limit: 6, extra: 2, current: 8, busy: 8, please increase LSAPI_CHILDREN.
[UID:1538][591527] Reached max children process limit: 6, extra: 2, current: 8, busy: 8, please increase LSAPI_CHILDREN.
[UID:1538][591527] Reached max children process limit: 6, extra: 2, current: 8, busy: 8, please increase LSAPI_CHILDREN.
[UID:1538][591527] Reached max children process limit: 6, extra: 2, current: 8, busy: 8, please increase LSAPI_CHILDREN.
[UID:1538][591527] Reached max children process limit: 6, extra: 2, current: 8, busy: 8, please increase LSAPI_CHILDREN.
[UID:1538][591527] Reached max children process limit: 6, extra: 2, current: 8, busy: 8, please increase LSAPI_CHILDREN.
[UID:1538][591527] Reached max children process limit: 6, extra: 2, current: 8, busy: 8, please increase LSAPI_CHILDREN.
[UID:1538][591527] Reached max children process limit: 6, extra: 2, current: 8, busy: 8, please increase LSAPI_CHILDREN.
[UID:1538][591527] Reached max children process limit: 6, extra: 2, current: 8, busy: 8, please increase LSAPI_CHILDREN.
[UID:1538][591527] Reached max children process limit: 6, extra: 2, current: 8, busy: 8, please increase LSAPI_CHILDREN.
[UID:1538][591527] Reached max children process limit: 6, extra: 2, current: 8, busy: 8, please increase LSAPI_CHILDREN.
[UID:1538][591527] Reached max children process limit: 6, extra: 2, current: 8, busy: 8, please increase LSAPI_CHILDREN.
[UID:1538][591527] Reached max children process limit: 6, extra: 2, current: 8, busy: 8, please increase LSAPI_CHILDREN.
[UID:1538][591527] Reached max children process limit: 6, extra: 2, current: 8, busy: 8, please increase LSAPI_CHILDREN.
[UID:1538][591527] Reached max children process limit: 6, extra: 2, current: 8, busy: 8, please increase LSAPI_CHILDREN.
[UID:1538][591527] Reached max children process limit: 6, extra: 2, current: 8, busy: 8, please increase LSAPI_CHILDREN.
[UID:1538][591527] Reached max children process limit: 6, extra: 2, current: 8, busy: 8, please increase LSAPI_CHILDREN.
[UID:1538][591527] Reached max children process limit: 6, extra: 2, current: 8, busy: 8, please increase LSAPI_CHILDREN.
[UID:1538][591527] Reached max children process limit: 6, extra: 2, current: 8, busy: 8, please increase LSAPI_CHILDREN.
[UID:1538][591527] Reached max children process limit: 6, extra: 2, current: 8, busy: 8, please increase LSAPI_CHILDREN.
[UID:1538][591527] Reached max children process limit: 6, extra: 2, current: 8, busy: 8, please increase LSAPI_CHILDREN.
[UID:1538][591527] Reached max children process limit: 6, extra: 2, current: 8, busy: 8, please increase LSAPI_CHILDREN.
[UID:1538][591527] Reached max children process limit: 6, extra: 2, current: 8, busy: 8, please increase LSAPI_CHILDREN.
[UID:1538][591527] Reached max children process limit: 6, extra: 2, current: 8, busy: 8, please increase LSAPI_CHILDREN.
[UID:1538][591527] Reached max children process limit: 6, extra: 2, current: 8, busy: 8, please increase LSAPI_CHILDREN.
[UID:1538][591527] Reached max children process limit: 6, extra: 2, current: 8, busy: 8, please increase LSAPI_CHILDREN.
[UID:1538][2194390] Reached max children process limit: 6, extra: 2, current: 8, busy: 8, please increase LSAPI_CHILDREN.
[UID:1538][2194390] Reached max children process limit: 6, extra: 2, current: 8, busy: 8, please increase LSAPI_CHILDREN.
[UID:1538][2194390] Reached max children process limit: 6, extra: 2, current: 8, busy: 8, please increase LSAPI_CHILDREN.
[UID:1538][2194390] Reached max children process limit: 6, extra: 2, current: 8, busy: 8, please increase LSAPI_CHILDREN.
[UID:1538][2194390] Reached max children process limit: 6, extra: 2, current: 8, busy: 8, please increase LSAPI_CHILDREN.
[UID:1538][2194390] Reached max children process limit: 6, extra: 2, current: 8, busy: 8, please increase LSAPI_CHILDREN.
[UID:1538][2194390] Reached max children process limit: 6, extra: 2, current: 8, busy: 8, please increase LSAPI_CHILDREN.
[UID:1538][2194390] Reached max children process limit: 6, extra: 2, current: 8, busy: 8, please increase LSAPI_CHILDREN.
[UID:1538][2194390] Reached max children process limit: 6, extra: 2, current: 8, busy: 8, please increase LSAPI_CHILDREN.
[UID:1538][2194390] Reached max children process limit: 6, extra: 2, current: 8, busy: 8, please increase LSAPI_CHILDREN.
[UID:1538][2194390] Reached max children process limit: 6, extra: 2, current: 8, busy: 8, please increase LSAPI_CHILDREN.
[UID:1538][2194390] Reached max children process limit: 6, extra: 2, current: 8, busy: 8, please increase LSAPI_CHILDREN.
[UID:1538][2194390] Reached max children process limit: 6, extra: 2, current: 8, busy: 8, please increase LSAPI_CHILDREN.
[UID:1538][2194390] Reached max children process limit: 6, extra: 2, current: 8, busy: 8, please increase LSAPI_CHILDREN.
[UID:1538][2194390] Reached max children process limit: 6, extra: 2, current: 8, busy: 8, please increase LSAPI_CHILDREN.
[UID:1538][2194390] Reached max children process limit: 6, extra: 2, current: 8, busy: 8, please increase LSAPI_CHILDREN.
[UID:1538][2194390] Reached max children process limit: 6, extra: 2, current: 8, busy: 8, please increase LSAPI_CHILDREN.
[UID:1538][2194390] Reached max children process limit: 6, extra: 2, current: 8, busy: 8, please increase LSAPI_CHILDREN.
[UID:1538][2194390] Reached max children process limit: 6, extra: 2, current: 8, busy: 8, please increase LSAPI_CHILDREN.
[UID:1538][2194390] Reached max children process limit: 6, extra: 2, current: 8, busy: 8, please increase LSAPI_CHILDREN.
[UID:1538][2194390] Reached max children process limit: 6, extra: 2, current: 8, busy: 8, please increase LSAPI_CHILDREN.
[UID:1538][2194390] Reached max children process limit: 6, extra: 2, current: 8, busy: 7, please increase LSAPI_CHILDREN.
[UID:1538][2194390] Reached max children process limit: 6, extra: 2, current: 8, busy: 8, please increase LSAPI_CHILDREN.
OSError: LSAPI: Socket read/write error
OSError: LSAPI: Socket read/write error
OSError: LSAPI: Socket read/write error
OSError: LSAPI: Socket read/write error
[UID:1538][1149703] Child process with pid: 1149739 was killed by signal: 15, core dump: 0
[UID:1538][2027623] Child process with pid: 2066722 was killed by signal: 15, core dump: 0
OSError: LSAPI: Socket read/write error
[UID:1538][836362] Child process with pid: 868477 was killed by signal: 15, core dump: 0
[UID:1538][2695538] Reached max children process limit: 6, extra: 2, current: 8, busy: 8, please increase LSAPI_CHILDREN.
[UID:1538][2695538] Reached max children process limit: 6, extra: 2, current: 8, busy: 8, please increase LSAPI_CHILDREN.
[UID:1538][2695538] Reached max children process limit: 6, extra: 2, current: 8, busy: 8, please increase LSAPI_CHILDREN.
[UID:1538][2695538] Reached max children process limit: 6, extra: 2, current: 8, busy: 8, please increase LSAPI_CHILDREN.
[UID:1538][2695538] Reached max children process limit: 6, extra: 2, current: 8, busy: 8, please increase LSAPI_CHILDREN.
[UID:1538][2695538] Reached max children process limit: 6, extra: 2, current: 8, busy: 8, please increase LSAPI_CHILDREN.
[UID:1538][2695538] Reached max children process limit: 6, extra: 2, current: 8, busy: 8, please increase LSAPI_CHILDREN.
[UID:1538][2695538] Reached max children process limit: 6, extra: 2, current: 8, busy: 8, please increase LSAPI_CHILDREN.
[UID:1538][2695538] Reached max children process limit: 6, extra: 2, current: 8, busy: 8, please increase LSAPI_CHILDREN.
[UID:1538][2695538] Reached max children process limit: 6, extra: 2, current: 8, busy: 8, please increase LSAPI_CHILDREN.
[UID:1538][2695538] Reached max children process limit: 6, extra: 2, current: 8, busy: 8, please increase LSAPI_CHILDREN.
[UID:1538][2695538] Reached max children process limit: 6, extra: 2, current: 8, busy: 8, please increase LSAPI_CHILDREN.
[UID:1538][2695538] Reached max children process limit: 6, extra: 2, current: 8, busy: 8, please increase LSAPI_CHILDREN.
[UID:1538][2695538] Reached max children process limit: 6, extra: 2, current: 8, busy: 8, please increase LSAPI_CHILDREN.
[UID:1538][2695538] Reached max children process limit: 6, extra: 2, current: 8, busy: 8, please increase LSAPI_CHILDREN.
[UID:1538][2695538] Reached max children process limit: 6, extra: 2, current: 8, busy: 8, please increase LSAPI_CHILDREN.
[UID:1538][2695538] Reached max children process limit: 6, extra: 2, current: 8, busy: 8, please increase LSAPI_CHILDREN.
[UID:1538][2695538] Reached max children process limit: 6, extra: 2, current: 8, busy: 8, please increase LSAPI_CHILDREN.
[UID:1538][2695538] Reached max children process limit: 6, extra: 2, current: 8, busy: 8, please increase LSAPI_CHILDREN.
[UID:1538][2695538] Reached max children process limit: 6, extra: 2, current: 8, busy: 8, please increase LSAPI_CHILDREN.
[UID:1538][2695538] Reached max children process limit: 6, extra: 2, current: 8, busy: 8, please increase LSAPI_CHILDREN.
[UID:1538][1964061] Child process with pid: 1964087 was killed by signal: 15, core dump: 0
[UID:1538][1950488] Reached max children process limit: 6, extra: 2, current: 8, busy: 7, please increase LSAPI_CHILDREN.
[UID:1538][1950488] Reached max children process limit: 6, extra: 2, current: 8, busy: 8, please increase LSAPI_CHILDREN.
[UID:1538][1950488] Reached max children process limit: 6, extra: 2, current: 8, busy: 8, please increase LSAPI_CHILDREN.
[UID:1538][1950488] Reached max children process limit: 6, extra: 2, current: 8, busy: 8, please increase LSAPI_CHILDREN.
[UID:1538][1950488] Reached max children process limit: 6, extra: 2, current: 8, busy: 8, please increase LSAPI_CHILDREN.
[UID:1538][1950488] Reached max children process limit: 6, extra: 2, current: 8, busy: 8, please increase LSAPI_CHILDREN.
[UID:1538][1950488] Reached max children process limit: 6, extra: 2, current: 8, busy: 8, please increase LSAPI_CHILDREN.
[UID:1538][1950488] Reached max children process limit: 6, extra: 2, current: 8, busy: 8, please increase LSAPI_CHILDREN.
[UID:1538][1950488] Reached max children process limit: 6, extra: 2, current: 8, busy: 8, please increase LSAPI_CHILDREN.
[UID:1538][1950488] Reached max children process limit: 6, extra: 2, current: 8, busy: 8, please increase LSAPI_CHILDREN.
[UID:1538][1950488] Reached max children process limit: 6, extra: 2, current: 8, busy: 8, please increase LSAPI_CHILDREN.
[UID:1538][1950488] Reached max children process limit: 6, extra: 2, current: 8, busy: 8, please increase LSAPI_CHILDREN.
[UID:1538][1950488] Reached max children process limit: 6, extra: 2, current: 8, busy: 8, please increase LSAPI_CHILDREN.
[UID:1538][1950488] Reached max children process limit: 6, extra: 2, current: 8, busy: 8, please increase LSAPI_CHILDREN.
[UID:1538][1950488] Reached max children process limit: 6, extra: 2, current: 8, busy: 8, please increase LSAPI_CHILDREN.
[UID:1538][1950488] Reached max children process limit: 6, extra: 2, current: 8, busy: 8, please increase LSAPI_CHILDREN.
[UID:1538][1950488] Reached max children process limit: 6, extra: 2, current: 8, busy: 8, please increase LSAPI_CHILDREN.
[UID:1538][1950488] Reached max children process limit: 6, extra: 2, current: 8, busy: 8, please increase LSAPI_CHILDREN.
[UID:1538][1950488] Reached max children process limit: 6, extra: 2, current: 8, busy: 8, please increase LSAPI_CHILDREN.
[UID:1538][1950488] Reached max children process limit: 6, extra: 2, current: 8, busy: 8, please increase LSAPI_CHILDREN.
[UID:1538][1950488] Reached max children process limit: 6, extra: 2, current: 8, busy: 8, please increase LSAPI_CHILDREN.
[UID:1538][1950488] Reached max children process limit: 6, extra: 2, current: 8, busy: 7, please increase LSAPI_CHILDREN.
[UID:1538][1950488] Reached max children process limit: 6, extra: 2, current: 8, busy: 8, please increase LSAPI_CHILDREN.
[UID:1538][1950488] Reached max children process limit: 6, extra: 2, current: 8, busy: 7, please increase LSAPI_CHILDREN.
[UID:1538][1516391] Child process with pid: 1516400 was killed by signal: 15, core dump: 0
[UID:1538][140192] packetLen < 0
[UID:1538][4170558] Reached max children process limit: 6, extra: 2, current: 8, busy: 8, please increase LSAPI_CHILDREN.
[UID:1538][4170558] Reached max children process limit: 6, extra: 2, current: 8, busy: 8, please increase LSAPI_CHILDREN.
[UID:1538][4170558] Reached max children process limit: 6, extra: 2, current: 8, busy: 8, please increase LSAPI_CHILDREN.
[UID:1538][4170558] Reached max children process limit: 6, extra: 2, current: 8, busy: 8, please increase LSAPI_CHILDREN.
[UID:1538][4170558] Reached max children process limit: 6, extra: 2, current: 8, busy: 8, please increase LSAPI_CHILDREN.
[UID:1538][4170558] Reached max children process limit: 6, extra: 2, current: 8, busy: 8, please increase LSAPI_CHILDREN.
[UID:1538][4170558] Reached max children process limit: 6, extra: 2, current: 8, busy: 8, please increase LSAPI_CHILDREN.
[UID:1538][4170558] Reached max children process limit: 6, extra: 2, current: 8, busy: 8, please increase LSAPI_CHILDREN.
[UID:1538][4170558] Reached max children process limit: 6, extra: 2, current: 8, busy: 8, please increase LSAPI_CHILDREN.
[UID:1538][4170558] Reached max children process limit: 6, extra: 2, current: 8, busy: 8, please increase LSAPI_CHILDREN.
[UID:1538][4170558] Reached max children process limit: 6, extra: 2, current: 8, busy: 8, please increase LSAPI_CHILDREN.
[UID:1538][4170558] Reached max children process limit: 6, extra: 2, current: 8, busy: 8, please increase LSAPI_CHILDREN.
[UID:1538][4170558] Reached max children process limit: 6, extra: 2, current: 8, busy: 8, please increase LSAPI_CHILDREN.
[UID:1538][4170558] Reached max children process limit: 6, extra: 2, current: 8, busy: 8, please increase LSAPI_CHILDREN.
[UID:1538][4170558] Reached max children process limit: 6, extra: 2, current: 8, busy: 8, please increase LSAPI_CHILDREN.
[UID:1538][4170558] Reached max children process limit: 6, extra: 2, current: 8, busy: 8, please increase LSAPI_CHILDREN.
[UID:1538][4170558] Reached max children process limit: 6, extra: 2, current: 8, busy: 8, please increase LSAPI_CHILDREN.
[UID:1538][4170558] Reached max children process limit: 6, extra: 2, current: 8, busy: 8, please increase LSAPI_CHILDREN.
[UID:1538][4170558] Reached max children process limit: 6, extra: 2, current: 8, busy: 8, please increase LSAPI_CHILDREN.
[UID:1538][4170558] Reached max children process limit: 6, extra: 2, current: 8, busy: 8, please increase LSAPI_CHILDREN.
[UID:1538][4170558] Reached max children process limit: 6, extra: 2, current: 8, busy: 7, please increase LSAPI_CHILDREN.
[UID:1538][4170558] Reached max children process limit: 6, extra: 2, current: 8, busy: 7, please increase LSAPI_CHILDREN.
[UID:1538][4170558] Reached max children process limit: 6, extra: 2, current: 8, busy: 7, please increase LSAPI_CHILDREN.
[UID:1538][4170558] Reached max children process limit: 6, extra: 2, current: 8, busy: 7, please increase LSAPI_CHILDREN.
[UID:1538][4170558] Reached max children process limit: 6, extra: 2, current: 8, busy: 7, please increase LSAPI_CHILDREN.
[UID:1538][4170558] Reached max children process limit: 6, extra: 2, current: 8, busy: 7, please increase LSAPI_CHILDREN.
[UID:1538][4170558] Reached max children process limit: 6, extra: 2, current: 8, busy: 8, please increase LSAPI_CHILDREN.
[UID:1538][4170558] Reached max children process limit: 6, extra: 2, current: 8, busy: 8, please increase LSAPI_CHILDREN.
[UID:1538][4170558] Reached max children process limit: 6, extra: 2, current: 8, busy: 8, please increase LSAPI_CHILDREN.
[UID:1538][4170558] Reached max children process limit: 6, extra: 2, current: 8, busy: 8, please increase LSAPI_CHILDREN.
[UID:1538][4170558] Reached max children process limit: 6, extra: 2, current: 8, busy: 8, please increase LSAPI_CHILDREN.
[UID:1538][4170558] Reached max children process limit: 6, extra: 2, current: 8, busy: 8, please increase LSAPI_CHILDREN.
[UID:1538][4170558] Reached max children process limit: 6, extra: 2, current: 8, busy: 8, please increase LSAPI_CHILDREN.
[UID:1538][4170558] Reached max children process limit: 6, extra: 2, current: 8, busy: 8, please increase LSAPI_CHILDREN.
[UID:1538][4170558] Reached max children process limit: 6, extra: 2, current: 8, busy: 8, please increase LSAPI_CHILDREN.
[UID:1538][4170558] Reached max children process limit: 6, extra: 2, current: 8, busy: 8, please increase LSAPI_CHILDREN.
[UID:1538][4170558] Reached max children process limit: 6, extra: 2, current: 8, busy: 8, please increase LSAPI_CHILDREN.
[UID:1538][4170558] Reached max children process limit: 6, extra: 2, current: 8, busy: 8, please increase LSAPI_CHILDREN.
[UID:1538][4170558] Reached max children process limit: 6, extra: 2, current: 8, busy: 7, please increase LSAPI_CHILDREN.
[UID:1538][3021769] Child process with pid: 3021791 was killed by signal: 15, core dump: 0
OSError: LSAPI: Socket read/write error
OSError: LSAPI: Socket read/write error
[UID:1538][4158742] packetLen < 0
[UID:1538][4158742] packetLen < 0
[UID:1538][4158656] packetLen < 0
[UID:1538][4158742] packetLen < 0
[UID:1538][4158742] packetLen < 0
[UID:1538][4158656] packetLen < 0
[UID:1538][1363347] packetLen < 0
OSError: LSAPI: Socket read/write error
[UID:1538][3065273] Child process with pid: 3098024 was killed by signal: 15, core dump: 0
OSError: LSAPI: Socket read/write error
OSError: LSAPI: Socket read/write error
OSError: LSAPI: Socket read/write error
[UID:1538][3649893] Child process with pid: 3649909 was killed by signal: 15, core dump: 0
[UID:1538][3803930] Child process with pid: 3822973 was killed by signal: 15, core dump: 0
OSError: LSAPI: Socket read/write error
Traceback (most recent call last):
  File "/opt/cloudlinux/venv/lib64/python3.11/site-packages/clcommon/clpwd.py", line 89, in get_homedir
    return self.get_user_full_dict()[user].pw_dir
           ~~~~~~~~~~~~~~~~~~~~~~~~~^^^^^^
KeyError: 'lexiacoi'

The above exception was the direct cause of the following exception:

Traceback (most recent call last):
  File "/home/lexiacoi/virtualenv/katalog/3.7/bin/set_env_vars.py", line 113, in <module>
    env_vars = get_env_vars(app_name, sys.argv[1])
               ^^^^^^^^^^^^^^^^^^^^^^^^^^^^^^^^^^^
  File "/home/lexiacoi/virtualenv/katalog/3.7/bin/set_env_vars.py", line 64, in get_env_vars
    full_app_config = get_app_full_conf(username, _app_name, interpreter)
                      ^^^^^^^^^^^^^^^^^^^^^^^^^^^^^^^^^^^^^^^^^^^^^^^^^^^
  File "/home/lexiacoi/virtualenv/katalog/3.7/bin/set_env_vars.py", line 94, in get_app_full_conf
    full_user_config = manager.get_user_config_data(user)
                       ^^^^^^^^^^^^^^^^^^^^^^^^^^^^^^^^^^
  File "/opt/cloudlinux/venv/lib64/python3.11/site-packages/clselect/baseclselect/apps_manager.py", line 235, in get_user_config_data
    user_config = self._get_path_to_user_config(user)
                  ^^^^^^^^^^^^^^^^^^^^^^^^^^^^^^^^^^^
  File "/opt/cloudlinux/venv/lib64/python3.11/site-packages/clselect/baseclselect/apps_manager.py", line 318, in _get_path_to_user_config
    user_home = self._pwd.get_homedir(username)
                ^^^^^^^^^^^^^^^^^^^^^^^^^^^^^^^
  File "/opt/cloudlinux/venv/lib64/python3.11/site-packages/clcommon/clpwd.py", line 91, in get_homedir
    raise ClPwd.NoSuchUserException(user) from e
clcommon.clpwd.ClPwd.NoSuchUserException: No such user (lexiacoi)
[UID:1538][109392] Child process with pid: 109410 was killed by signal: 15, core dump: 0
[UID:1538][3206480] Child process with pid: 3226578 was killed by signal: 15, core dump: 0
OSError: LSAPI: Socket read/write error
OSError: LSAPI: Socket read/write error
[UID:1538][395493] Reached max children process limit: 6, extra: 2, current: 8, busy: 7, please increase LSAPI_CHILDREN.
[UID:1538][395493] Reached max children process limit: 6, extra: 2, current: 8, busy: 8, please increase LSAPI_CHILDREN.
[UID:1538][395493] Reached max children process limit: 6, extra: 2, current: 8, busy: 8, please increase LSAPI_CHILDREN.
[UID:1538][395493] Reached max children process limit: 6, extra: 2, current: 8, busy: 8, please increase LSAPI_CHILDREN.
[UID:1538][395493] Reached max children process limit: 6, extra: 2, current: 8, busy: 8, please increase LSAPI_CHILDREN.
[UID:1538][395493] Reached max children process limit: 6, extra: 2, current: 8, busy: 8, please increase LSAPI_CHILDREN.
[UID:1538][395493] Reached max children process limit: 6, extra: 2, current: 8, busy: 8, please increase LSAPI_CHILDREN.
[UID:1538][395493] Reached max children process limit: 6, extra: 2, current: 8, busy: 8, please increase LSAPI_CHILDREN.
[UID:1538][395493] Reached max children process limit: 6, extra: 2, current: 8, busy: 8, please increase LSAPI_CHILDREN.
[UID:1538][395493] Reached max children process limit: 6, extra: 2, current: 8, busy: 8, please increase LSAPI_CHILDREN.
[UID:1538][395493] Reached max children process limit: 6, extra: 2, current: 8, busy: 8, please increase LSAPI_CHILDREN.
[UID:1538][395493] Reached max children process limit: 6, extra: 2, current: 8, busy: 8, please increase LSAPI_CHILDREN.
[UID:1538][395493] Reached max children process limit: 6, extra: 2, current: 8, busy: 8, please increase LSAPI_CHILDREN.
[UID:1538][395493] Reached max children process limit: 6, extra: 2, current: 8, busy: 8, please increase LSAPI_CHILDREN.
[UID:1538][395493] Reached max children process limit: 6, extra: 2, current: 8, busy: 8, please increase LSAPI_CHILDREN.
[UID:1538][395493] Reached max children process limit: 6, extra: 2, current: 8, busy: 8, please increase LSAPI_CHILDREN.
[UID:1538][395493] Reached max children process limit: 6, extra: 2, current: 8, busy: 8, please increase LSAPI_CHILDREN.
[UID:1538][395493] Reached max children process limit: 6, extra: 2, current: 8, busy: 8, please increase LSAPI_CHILDREN.
[UID:1538][395493] Reached max children process limit: 6, extra: 2, current: 8, busy: 8, please increase LSAPI_CHILDREN.
[UID:1538][395493] Reached max children process limit: 6, extra: 2, current: 8, busy: 8, please increase LSAPI_CHILDREN.
[UID:1538][395493] Reached max children process limit: 6, extra: 2, current: 8, busy: 8, please increase LSAPI_CHILDREN.
[UID:1538][3728573] packetLen < 0
[UID:1538][3728573] packetLen < 0
[UID:1538][460754] packetLen < 0
[UID:1538][455565] packetLen < 0
[UID:1538][455565] packetLen < 0
[UID:1538][460754] packetLen < 0
[UID:1538][460754] packetLen < 0
[UID:1538][243131] packetLen < 0
[UID:1538][243131] packetLen < 0
[UID:1538][2837167] packetLen < 0
[UID:1538][2837167] packetLen < 0
[UID:1538][2067208] packetLen < 0
[UID:1538][2067208] packetLen < 0
[UID:1538][3761582] packetLen < 0
[UID:1538][3784750] packetLen < 0
[UID:1538][3878061] packetLen < 0
[UID:1538][3878061] packetLen < 0
OSError: LSAPI: Socket read/write error
OSError: LSAPI: Socket read/write error
OSError: LSAPI: Socket read/write error
[UID:1538][3951274] Reached max children process limit: 6, extra: 2, current: 8, busy: 6, please increase LSAPI_CHILDREN.
[UID:1538][3951274] Reached max children process limit: 6, extra: 2, current: 8, busy: 8, please increase LSAPI_CHILDREN.
[UID:1538][3951274] Reached max children process limit: 6, extra: 2, current: 8, busy: 8, please increase LSAPI_CHILDREN.
[UID:1538][3951274] Reached max children process limit: 6, extra: 2, current: 8, busy: 8, please increase LSAPI_CHILDREN.
[UID:1538][3951274] Reached max children process limit: 6, extra: 2, current: 8, busy: 8, please increase LSAPI_CHILDREN.
[UID:1538][3951274] Reached max children process limit: 6, extra: 2, current: 8, busy: 8, please increase LSAPI_CHILDREN.
[UID:1538][3951274] Reached max children process limit: 6, extra: 2, current: 8, busy: 8, please increase LSAPI_CHILDREN.
[UID:1538][3951274] Reached max children process limit: 6, extra: 2, current: 8, busy: 8, please increase LSAPI_CHILDREN.
[UID:1538][3951274] Reached max children process limit: 6, extra: 2, current: 8, busy: 8, please increase LSAPI_CHILDREN.
[UID:1538][3951274] Reached max children process limit: 6, extra: 2, current: 8, busy: 8, please increase LSAPI_CHILDREN.
[UID:1538][3951274] Reached max children process limit: 6, extra: 2, current: 8, busy: 8, please increase LSAPI_CHILDREN.
[UID:1538][3951274] Reached max children process limit: 6, extra: 2, current: 8, busy: 8, please increase LSAPI_CHILDREN.
[UID:1538][3951274] Reached max children process limit: 6, extra: 2, current: 8, busy: 8, please increase LSAPI_CHILDREN.
[UID:1538][3951274] Reached max children process limit: 6, extra: 2, current: 8, busy: 8, please increase LSAPI_CHILDREN.
[UID:1538][3951274] Reached max children process limit: 6, extra: 2, current: 8, busy: 8, please increase LSAPI_CHILDREN.
[UID:1538][3951274] Reached max children process limit: 6, extra: 2, current: 8, busy: 8, please increase LSAPI_CHILDREN.
[UID:1538][3951274] Reached max children process limit: 6, extra: 2, current: 8, busy: 8, please increase LSAPI_CHILDREN.
[UID:1538][3951274] Reached max children process limit: 6, extra: 2, current: 8, busy: 8, please increase LSAPI_CHILDREN.
[UID:1538][3951274] Reached max children process limit: 6, extra: 2, current: 8, busy: 8, please increase LSAPI_CHILDREN.
[UID:1538][3951274] Reached max children process limit: 6, extra: 2, current: 8, busy: 8, please increase LSAPI_CHILDREN.
[UID:1538][3951274] Reached max children process limit: 6, extra: 2, current: 8, busy: 8, please increase LSAPI_CHILDREN.
[UID:1538][3951274] Reached max children process limit: 6, extra: 2, current: 8, busy: 7, please increase LSAPI_CHILDREN.
[UID:1538][3951274] Reached max children process limit: 6, extra: 2, current: 8, busy: 8, please increase LSAPI_CHILDREN.
[UID:1538][3951274] Reached max children process limit: 6, extra: 2, current: 8, busy: 8, please increase LSAPI_CHILDREN.
